Archive member included to satisfy reference by file (symbol)

/usr/lib/gcc/arm-none-eabi/14.2.0/../../../../arm-none-eabi/lib/thumb/v7e-m+fp/hard/libc_nano.a(libc_a-atexit.o)
                              /usr/lib/gcc/arm-none-eabi/14.2.0/../../../../arm-none-eabi/lib/thumb/v7e-m+fp/hard/crt0.o (atexit)
/usr/lib/gcc/arm-none-eabi/14.2.0/../../../../arm-none-eabi/lib/thumb/v7e-m+fp/hard/libc_nano.a(libc_a-exit.o)
                              /usr/lib/gcc/arm-none-eabi/14.2.0/../../../../arm-none-eabi/lib/thumb/v7e-m+fp/hard/crt0.o (exit)
/usr/lib/gcc/arm-none-eabi/14.2.0/../../../../arm-none-eabi/lib/thumb/v7e-m+fp/hard/libc_nano.a(libc_a-findfp.o)
                              /usr/lib/gcc/arm-none-eabi/14.2.0/../../../../arm-none-eabi/lib/thumb/v7e-m+fp/hard/libc_nano.a(libc_a-exit.o) (__stdio_exit_handler)
/usr/lib/gcc/arm-none-eabi/14.2.0/../../../../arm-none-eabi/lib/thumb/v7e-m+fp/hard/libc_nano.a(libc_a-fwalk.o)
                              /usr/lib/gcc/arm-none-eabi/14.2.0/../../../../arm-none-eabi/lib/thumb/v7e-m+fp/hard/libc_nano.a(libc_a-findfp.o) (_fwalk_sglue)
/usr/lib/gcc/arm-none-eabi/14.2.0/../../../../arm-none-eabi/lib/thumb/v7e-m+fp/hard/libc_nano.a(libc_a-stdio.o)
                              /usr/lib/gcc/arm-none-eabi/14.2.0/../../../../arm-none-eabi/lib/thumb/v7e-m+fp/hard/libc_nano.a(libc_a-findfp.o) (__sread)
/usr/lib/gcc/arm-none-eabi/14.2.0/../../../../arm-none-eabi/lib/thumb/v7e-m+fp/hard/libc_nano.a(libc_a-memset.o)
                              /usr/lib/gcc/arm-none-eabi/14.2.0/../../../../arm-none-eabi/lib/thumb/v7e-m+fp/hard/crt0.o (memset)
/usr/lib/gcc/arm-none-eabi/14.2.0/../../../../arm-none-eabi/lib/thumb/v7e-m+fp/hard/libc_nano.a(libc_a-closer.o)
                              /usr/lib/gcc/arm-none-eabi/14.2.0/../../../../arm-none-eabi/lib/thumb/v7e-m+fp/hard/libc_nano.a(libc_a-stdio.o) (_close_r)
/usr/lib/gcc/arm-none-eabi/14.2.0/../../../../arm-none-eabi/lib/thumb/v7e-m+fp/hard/libc_nano.a(libc_a-reent.o)
                              /usr/lib/gcc/arm-none-eabi/14.2.0/../../../../arm-none-eabi/lib/thumb/v7e-m+fp/hard/libc_nano.a(libc_a-closer.o) (errno)
/usr/lib/gcc/arm-none-eabi/14.2.0/../../../../arm-none-eabi/lib/thumb/v7e-m+fp/hard/libc_nano.a(libc_a-impure.o)
                              /usr/lib/gcc/arm-none-eabi/14.2.0/../../../../arm-none-eabi/lib/thumb/v7e-m+fp/hard/libc_nano.a(libc_a-reent.o) (_impure_ptr)
/usr/lib/gcc/arm-none-eabi/14.2.0/../../../../arm-none-eabi/lib/thumb/v7e-m+fp/hard/libc_nano.a(libc_a-lseekr.o)
                              /usr/lib/gcc/arm-none-eabi/14.2.0/../../../../arm-none-eabi/lib/thumb/v7e-m+fp/hard/libc_nano.a(libc_a-stdio.o) (_lseek_r)
/usr/lib/gcc/arm-none-eabi/14.2.0/../../../../arm-none-eabi/lib/thumb/v7e-m+fp/hard/libc_nano.a(libc_a-readr.o)
                              /usr/lib/gcc/arm-none-eabi/14.2.0/../../../../arm-none-eabi/lib/thumb/v7e-m+fp/hard/libc_nano.a(libc_a-stdio.o) (_read_r)
/usr/lib/gcc/arm-none-eabi/14.2.0/../../../../arm-none-eabi/lib/thumb/v7e-m+fp/hard/libc_nano.a(libc_a-writer.o)
                              /usr/lib/gcc/arm-none-eabi/14.2.0/../../../../arm-none-eabi/lib/thumb/v7e-m+fp/hard/libc_nano.a(libc_a-stdio.o) (_write_r)
/usr/lib/gcc/arm-none-eabi/14.2.0/../../../../arm-none-eabi/lib/thumb/v7e-m+fp/hard/libc_nano.a(libc_a-init.o)
                              /usr/lib/gcc/arm-none-eabi/14.2.0/../../../../arm-none-eabi/lib/thumb/v7e-m+fp/hard/crt0.o (__libc_init_array)
/usr/lib/gcc/arm-none-eabi/14.2.0/../../../../arm-none-eabi/lib/thumb/v7e-m+fp/hard/libc_nano.a(libc_a-fini.o)
                              /usr/lib/gcc/arm-none-eabi/14.2.0/../../../../arm-none-eabi/lib/thumb/v7e-m+fp/hard/crt0.o (__libc_fini_array)
/usr/lib/gcc/arm-none-eabi/14.2.0/../../../../arm-none-eabi/lib/thumb/v7e-m+fp/hard/libc_nano.a(libc_a-lock.o)
                              /usr/lib/gcc/arm-none-eabi/14.2.0/../../../../arm-none-eabi/lib/thumb/v7e-m+fp/hard/libc_nano.a(libc_a-findfp.o) (__retarget_lock_init_recursive)
/usr/lib/gcc/arm-none-eabi/14.2.0/../../../../arm-none-eabi/lib/thumb/v7e-m+fp/hard/libc_nano.a(libc_a-__atexit.o)
                              /usr/lib/gcc/arm-none-eabi/14.2.0/../../../../arm-none-eabi/lib/thumb/v7e-m+fp/hard/libc_nano.a(libc_a-atexit.o) (__register_exitproc)
/usr/lib/gcc/arm-none-eabi/14.2.0/../../../../arm-none-eabi/lib/thumb/v7e-m+fp/hard/libc_nano.a(libc_a-__call_atexit.o)
                              /usr/lib/gcc/arm-none-eabi/14.2.0/../../../../arm-none-eabi/lib/thumb/v7e-m+fp/hard/libc_nano.a(libc_a-__atexit.o) (__call_exitprocs)
/usr/lib/gcc/arm-none-eabi/14.2.0/../../../../arm-none-eabi/lib/thumb/v7e-m+fp/hard/libc_nano.a(libc_a-freer.o)
                              /usr/lib/gcc/arm-none-eabi/14.2.0/../../../../arm-none-eabi/lib/thumb/v7e-m+fp/hard/libc_nano.a(libc_a-reent.o) (_free_r)
/usr/lib/gcc/arm-none-eabi/14.2.0/../../../../arm-none-eabi/lib/thumb/v7e-m+fp/hard/libc_nano.a(libc_a-mallocr.o)
[...]
Memory Configuration

Name             Origin             Length             Attributes
RAM              0x20000000         0x00020000         xrw
FLASH            0x08000000         0x00080000         xr
*default*        0x00000000         0xffffffff

Linker script and memory map

LOAD /usr/lib/gcc/arm-none-eabi/14.2.0/thumb/v7e-m+fp/hard/crti.o
LOAD /usr/lib/gcc/arm-none-eabi/14.2.0/thumb/v7e-m+fp/hard/crtbegin.o
LOAD /usr/lib/gcc/arm-none-eabi/14.2.0/../../../../arm-none-eabi/lib/thumb/v7e-m+fp/hard/crt0.o
START GROUP
LOAD /usr/lib/gcc/arm-none-eabi/14.2.0/../../../../arm-none-eabi/lib/thumb/v7e-m+fp/hard/libc_nano.a
LOAD /usr/lib/gcc/arm-none-eabi/14.2.0/../../../../arm-none-eabi/lib/thumb/v7e-m+fp/hard/libm.a
END GROUP
LOAD CMakeFiles/dominos.dir/src/main.c.obj
LOAD CMakeFiles/dominos.dir/dev/src/misc.c.obj
LOAD CMakeFiles/dominos.dir/dev/src/stm32f4xx_adc.c.obj
LOAD CMakeFiles/dominos.dir/dev/src/stm32f4xx_can.c.obj
LOAD CMakeFiles/dominos.dir/dev/src/stm32f4xx_cec.c.obj
LOAD CMakeFiles/dominos.dir/dev/src/stm32f4xx_crc.c.obj
LOAD CMakeFiles/dominos.dir/dev/src/stm32f4xx_cryp.c.obj
LOAD CMakeFiles/dominos.dir/dev/src/stm32f4xx_cryp_aes.c.obj
LOAD CMakeFiles/dominos.dir/dev/src/stm32f4xx_cryp_des.c.obj
LOAD CMakeFiles/dominos.dir/dev/src/stm32f4xx_cryp_tdes.c.obj
LOAD CMakeFiles/dominos.dir/dev/src/stm32f4xx_dac.c.obj
LOAD CMakeFiles/dominos.dir/dev/src/stm32f4xx_dbgmcu.c.obj
LOAD CMakeFiles/dominos.dir/dev/src/stm32f4xx_dcmi.c.obj
LOAD CMakeFiles/dominos.dir/dev/src/stm32f4xx_dfsdm.c.obj
LOAD CMakeFiles/dominos.dir/dev/src/stm32f4xx_dma.c.obj
LOAD CMakeFiles/dominos.dir/dev/src/stm32f4xx_dma2d.c.obj
LOAD CMakeFiles/dominos.dir/dev/src/stm32f4xx_dsi.c.obj
LOAD CMakeFiles/dominos.dir/dev/src/stm32f4xx_exti.c.obj
LOAD CMakeFiles/dominos.dir/dev/src/stm32f4xx_flash.c.obj
LOAD CMakeFiles/dominos.dir/dev/src/stm32f4xx_flash_ramfunc.c.obj
LOAD CMakeFiles/dominos.dir/dev/src/stm32f4xx_fmpi2c.c.obj
LOAD CMakeFiles/dominos.dir/dev/src/stm32f4xx_gpio.c.obj
LOAD CMakeFiles/dominos.dir/dev/src/stm32f4xx_hash.c.obj
LOAD CMakeFiles/dominos.dir/dev/src/stm32f4xx_hash_md5.c.obj
LOAD CMakeFiles/dominos.dir/dev/src/stm32f4xx_hash_sha1.c.obj
LOAD CMakeFiles/dominos.dir/dev/src/stm32f4xx_i2c.c.obj
LOAD CMakeFiles/dominos.dir/dev/src/stm32f4xx_iwdg.c.obj
LOAD CMakeFiles/dominos.dir/dev/src/stm32f4xx_lptim.c.obj
LOAD CMakeFiles/dominos.dir/dev/src/stm32f4xx_ltdc.c.obj
LOAD CMakeFiles/dominos.dir/dev/src/stm32f4xx_pwr.c.obj
LOAD CMakeFiles/dominos.dir/dev/src/stm32f4xx_qspi.c.obj
LOAD CMakeFiles/dominos.dir/dev/src/stm32f4xx_rcc.c.obj
LOAD CMakeFiles/dominos.dir/dev/src/stm32f4xx_rng.c.obj
LOAD CMakeFiles/dominos.dir/dev/src/stm32f4xx_rtc.c.obj
LOAD CMakeFiles/dominos.dir/dev/src/stm32f4xx_sai.c.obj
LOAD CMakeFiles/dominos.dir/dev/src/stm32f4xx_sdio.c.obj
LOAD CMakeFiles/dominos.dir/dev/src/stm32f4xx_spdifrx.c.obj
LOAD CMakeFiles/dominos.dir/dev/src/stm32f4xx_spi.c.obj
LOAD CMakeFiles/dominos.dir/dev/src/stm32f4xx_syscfg.c.obj
LOAD CMakeFiles/dominos.dir/dev/src/stm32f4xx_tim.c.obj
LOAD CMakeFiles/dominos.dir/dev/src/stm32f4xx_usart.c.obj
LOAD CMakeFiles/dominos.dir/dev/src/stm32f4xx_wwdg.c.obj
LOAD CMakeFiles/dominos.dir/src/stm32f4xx_it.c.obj
LOAD CMakeFiles/dominos.dir/sys/delay.c.obj
LOAD CMakeFiles/dominos.dir/sys/system_stm32f4xx.c.obj
LOAD CMakeFiles/dominos.dir/startup_stm32f411xe.s.obj
START GROUP
LOAD /usr/lib/gcc/arm-none-eabi/14.2.0/thumb/v7e-m+fp/hard/libgcc.a
LOAD /usr/lib/gcc/arm-none-eabi/14.2.0/../../../../arm-none-eabi/lib/thumb/v7e-m+fp/hard/libg_nano.a
LOAD /usr/lib/gcc/arm-none-eabi/14.2.0/../../../../arm-none-eabi/lib/thumb/v7e-m+fp/hard/libc_nano.a
END GROUP
START GROUP
LOAD /usr/lib/gcc/arm-none-eabi/14.2.0/thumb/v7e-m+fp/hard/libgcc.a
LOAD /usr/lib/gcc/arm-none-eabi/14.2.0/../../../../arm-none-eabi/lib/thumb/v7e-m+fp/hard/libc_nano.a
END GROUP
LOAD /usr/lib/gcc/arm-none-eabi/14.2.0/thumb/v7e-m+fp/hard/crtend.o
LOAD /usr/lib/gcc/arm-none-eabi/14.2.0/thumb/v7e-m+fp/hard/crtn.o
                0x20020000                        _estack = (ORIGIN (RAM) + LENGTH (RAM))
                0x00000200                        _Min_Heap_Size = 0x200
                0x00000400                        _Min_Stack_Size = 0x400

.isr_vector     0x08000000      0x198
                0x08000000                        . = ALIGN (0x4)
 *(.isr_vector)
 .isr_vector    0x08000000      0x198 CMakeFiles/dominos.dir/startup_stm32f411xe.s.obj
                0x08000000                g_pfnVectors
                0x08000198                        . = ALIGN (0x4)

.text           0x08000198      0x288
                0x08000198                        . = ALIGN (0x4)
 *(.text)
 *(.text*)
 .text.__do_global_dtors_aux
                0x08000198       0x24 /usr/lib/gcc/arm-none-eabi/14.2.0/thumb/v7e-m+fp/hard/crtbegin.o
 .text.frame_dummy
                0x080001bc       0x1c /usr/lib/gcc/arm-none-eabi/14.2.0/thumb/v7e-m+fp/hard/crtbegin.o
 .text.__libc_init_array
                0x080001d8       0x48 /usr/lib/gcc/arm-none-eabi/14.2.0/../../../../arm-none-eabi/lib/thumb/v7e-m+fp/hard/libc_nano.a(libc_a-init.o)
                0x080001d8                __libc_init_array
 .text.main     0x08000220       0x10 CMakeFiles/dominos.dir/src/main.c.obj
                0x08000220                main
 .text.NMI_Handler
                0x08000230        0xe CMakeFiles/dominos.dir/src/stm32f4xx_it.c.obj
                0x08000230                NMI_Handler
 .text.HardFault_Handler
                0x0800023e        0x8 CMakeFiles/dominos.dir/src/stm32f4xx_it.c.obj
                0x0800023e                HardFault_Handler
 .text.MemManage_Handler
                0x08000246        0x8 CMakeFiles/dominos.dir/src/stm32f4xx_it.c.obj
                0x08000246                MemManage_Handler
 .text.BusFault_Handler
                0x0800024e        0x8 CMakeFiles/dominos.dir/src/stm32f4xx_it.c.obj
                0x0800024e                BusFault_Handler
 .text.UsageFault_Handler
                0x08000256        0x8 CMakeFiles/dominos.dir/src/stm32f4xx_it.c.obj
                0x08000256                UsageFault_Handler
 .text.SVC_Handler
                0x0800025e        0xe CMakeFiles/dominos.dir/src/stm32f4xx_it.c.obj
                0x0800025e                SVC_Handler
 .text.DebugMon_Handler
                0x0800026c        0xe CMakeFiles/dominos.dir/src/stm32f4xx_it.c.obj
                0x0800026c                DebugMon_Handler
 .text.PendSV_Handler
                0x0800027a        0xe CMakeFiles/dominos.dir/src/stm32f4xx_it.c.obj
                0x0800027a                PendSV_Handler
 .text.SysTick_Handler
                0x08000288       0x1c CMakeFiles/dominos.dir/src/stm32f4xx_it.c.obj
                0x08000288                SysTick_Handler
 .text.SystemInit
                0x080002a4       0x6c CMakeFiles/dominos.dir/sys/system_stm32f4xx.c.obj
                0x080002a4                SystemInit
 .text.SetSysClock
                0x08000310       0xa4 CMakeFiles/dominos.dir/sys/system_stm32f4xx.c.obj
 .text.Reset_Handler
                0x080003b4       0x50 CMakeFiles/dominos.dir/startup_stm32f411xe.s.obj
                0x080003b4                Reset_Handler
 .text.Default_Handler
                0x08000404        0x2 CMakeFiles/dominos.dir/startup_stm32f411xe.s.obj
                0x08000404                RTC_Alarm_IRQHandler
                0x08000404                EXTI2_IRQHandler
                0x08000404                SPI4_IRQHandler
                0x08000404                TIM1_CC_IRQHandler
                0x08000404                DMA2_Stream5_IRQHandler
                0x08000404                DMA1_Stream5_IRQHandler
                0x08000404                PVD_IRQHandler
                0x08000404                SDIO_IRQHandler
                0x08000404                TAMP_STAMP_IRQHandler
                0x08000404                EXTI3_IRQHandler
                0x08000404                TIM1_UP_TIM10_IRQHandler
                0x08000404                I2C3_ER_IRQHandler
                0x08000404                EXTI0_IRQHandler
                0x08000404                I2C2_EV_IRQHandler
                0x08000404                DMA1_Stream2_IRQHandler
                0x08000404                FPU_IRQHandler
                0x08000404                DMA2_Stream2_IRQHandler
                0x08000404                SPI1_IRQHandler
                0x08000404                TIM1_BRK_TIM9_IRQHandler
                0x08000404                DMA2_Stream3_IRQHandler
                0x08000404                USART6_IRQHandler
                0x08000404                DMA2_Stream0_IRQHandler
                0x08000404                TIM4_IRQHandler
                0x08000404                I2C1_EV_IRQHandler
                0x08000404                DMA1_Stream6_IRQHandler
                0x08000404                DMA1_Stream1_IRQHandler
                0x08000404                TIM3_IRQHandler
                0x08000404                RCC_IRQHandler
                0x08000404                Default_Handler
                0x08000404                EXTI15_10_IRQHandler
                0x08000404                ADC_IRQHandler
                0x08000404                DMA1_Stream7_IRQHandler
                0x08000404                SPI5_IRQHandler
                0x08000404                TIM5_IRQHandler
                0x08000404                DMA2_Stream7_IRQHandler
                0x08000404                I2C3_EV_IRQHandler
                0x08000404                EXTI9_5_IRQHandler
                0x08000404                RTC_WKUP_IRQHandler
                0x08000404                SPI2_IRQHandler
                0x08000404                DMA1_Stream0_IRQHandler
                0x08000404                EXTI4_IRQHandler
                0x08000404                WWDG_IRQHandler
                0x08000404                TIM2_IRQHandler
                0x08000404                OTG_FS_WKUP_IRQHandler
                0x08000404                TIM1_TRG_COM_TIM11_IRQHandler
                0x08000404                EXTI1_IRQHandler
                0x08000404                USART2_IRQHandler
                0x08000404                I2C2_ER_IRQHandler
                0x08000404                DMA2_Stream1_IRQHandler
                0x08000404                FLASH_IRQHandler
                0x08000404                DMA2_Stream4_IRQHandler
                0x08000404                USART1_IRQHandler
                0x08000404                OTG_FS_IRQHandler
                0x08000404                SPI3_IRQHandler
                0x08000404                DMA1_Stream4_IRQHandler
                0x08000404                I2C1_ER_IRQHandler
                0x08000404                DMA2_Stream6_IRQHandler
                0x08000404                DMA1_Stream3_IRQHandler
 *(.glue_7)
 .glue_7        0x08000406        0x0 linker stubs
 *(.glue_7t)
 .glue_7t       0x08000406        0x0 linker stubs
 *(.eh_frame)
 *fill*         0x08000406        0x2 
 .eh_frame      0x08000408        0x0 /usr/lib/gcc/arm-none-eabi/14.2.0/thumb/v7e-m+fp/hard/crtbegin.o
 *(.init)
 .init          0x08000408        0x4 /usr/lib/gcc/arm-none-eabi/14.2.0/thumb/v7e-m+fp/hard/crti.o
                0x08000408                _init
 .init          0x0800040c        0x8 /usr/lib/gcc/arm-none-eabi/14.2.0/thumb/v7e-m+fp/hard/crtn.o
 *(.fini)
 .fini          0x08000414        0x4 /usr/lib/gcc/arm-none-eabi/14.2.0/thumb/v7e-m+fp/hard/crti.o
                0x08000414                _fini
 .fini          0x08000418        0x8 /usr/lib/gcc/arm-none-eabi/14.2.0/thumb/v7e-m+fp/hard/crtn.o
                0x08000420                        . = ALIGN (0x4)
                0x08000420                        _etext = .

.vfp11_veneer   0x08000420        0x0
 .vfp11_veneer  0x08000420        0x0 linker stubs

.v4_bx          0x08000420        0x0
 .v4_bx         0x08000420        0x0 linker stubs

.iplt           0x08000420        0x0
 .iplt          0x08000420        0x0 /usr/lib/gcc/arm-none-eabi/14.2.0/thumb/v7e-m+fp/hard/crtbegin.o

.rel.dyn        0x08000420        0x0
 .rel.iplt      0x08000420        0x0 /usr/lib/gcc/arm-none-eabi/14.2.0/thumb/v7e-m+fp/hard/crtbegin.o

.rodata         0x08000420        0x0
                0x08000420                        . = ALIGN (0x4)
 *(.rodata)
 *(.rodata*)
                0x08000420                        . = ALIGN (0x4)

.ARM.extab
 *(.ARM.extab* .gnu.linkonce.armextab.*)

.ARM            0x08000420        0x0
                0x08000420                        __exidx_start = .
 *(.ARM.exidx*)
                0x08000420                        __exidx_end = .

.preinit_array  0x08000420        0x0
                0x08000420                        PROVIDE (__preinit_array_start = .)
 *(.preinit_array*)
                0x08000420                        PROVIDE (__preinit_array_end = .)

.init_array     0x08000420        0x4
                0x08000420                        PROVIDE (__init_array_start = .)
 *(SORT_BY_NAME(.init_array.*))
 *(.init_array*)
 .init_array    0x08000420        0x4 /usr/lib/gcc/arm-none-eabi/14.2.0/thumb/v7e-m+fp/hard/crtbegin.o
                0x08000424                        PROVIDE (__init_array_end = .)

.fini_array     0x08000424        0x4
                0x08000424                        PROVIDE (__fini_array_start = .)
 *(SORT_BY_NAME(.fini_array.*))
 *(.fini_array*)
 .fini_array    0x08000424        0x4 /usr/lib/gcc/arm-none-eabi/14.2.0/thumb/v7e-m+fp/hard/crtbegin.o
                0x08000428                        PROVIDE (__fini_array_end = .)
                0x08000428                        _sidata = LOADADDR (.data)

.data           0x20000000        0x0 load address 0x08000428
                0x20000000                        . = ALIGN (0x4)
                0x20000000                        _sdata = .
 *(.data)
 *(.data*)
                0x20000000                        . = ALIGN (0x4)
                0x20000000                        _edata = .

.igot.plt       0x20000000        0x0 load address 0x08000428
 .igot.plt      0x20000000        0x0 /usr/lib/gcc/arm-none-eabi/14.2.0/thumb/v7e-m+fp/hard/crtbegin.o
                0x20000000                        . = ALIGN (0x4)

.bss            0x20000000       0x20 load address 0x08000428
                0x20000000                        _sbss = .
                0x20000000                        __bss_start__ = _sbss
 *(.bss)
 *(.bss*)
 .bss.completed.1
                0x20000000        0x1 /usr/lib/gcc/arm-none-eabi/14.2.0/thumb/v7e-m+fp/hard/crtbegin.o
 *fill*         0x20000001        0x3 
 .bss.object.0  0x20000004       0x18 /usr/lib/gcc/arm-none-eabi/14.2.0/thumb/v7e-m+fp/hard/crtbegin.o
 .bss.TimDelaying
                0x2000001c        0x4 CMakeFiles/dominos.dir/sys/delay.c.obj
                0x2000001c                TimDelaying
 *(COMMON)
                0x20000020                        . = ALIGN (0x4)
                0x20000020                        _ebss = .
                0x20000020                        __bss_end__ = _ebss

._user_heap_stack
                0x20000020      0x600 load address 0x08000428
                0x20000020                        . = ALIGN (0x8)
                [!provide]                        PROVIDE (end = .)
                [!provide]                        PROVIDE (_end = .)
                0x20000220                        . = (. + _Min_Heap_Size)
 *fill*         0x20000020      0x200 
                0x20000620                        . = (. + _Min_Stack_Size)
 *fill*         0x20000220      0x400 
                0x20000620                        . = ALIGN (0x8)

/DISCARD/
 libc.a(*)
 libm.a(*)
 libgcc.a(*)
OUTPUT(dominos.elf elf32-littlearm)
LOAD linker stubs
LOAD /usr/lib/gcc/arm-none-eabi/14.2.0/../../../../arm-none-eabi/lib/thumb/v7e-m+fp/hard/libc.a
LOAD /usr/lib/gcc/arm-none-eabi/14.2.0/../../../../arm-none-eabi/lib/thumb/v7e-m+fp/hard/libm.a
LOAD /usr/lib/gcc/arm-none-eabi/14.2.0/thumb/v7e-m+fp/hard/libgcc.a

.ARM.attributes
                0x00000000       0x30
 .ARM.attributes
                0x00000000       0x22 /usr/lib/gcc/arm-none-eabi/14.2.0/thumb/v7e-m+fp/hard/crti.o
 .ARM.attributes
                0x00000022       0x34 /usr/lib/gcc/arm-none-eabi/14.2.0/thumb/v7e-m+fp/hard/crtbegin.o
 .ARM.attributes
                0x00000056       0x34 /usr/lib/gcc/arm-none-eabi/14.2.0/../../../../arm-none-eabi/lib/thumb/v7e-m+fp/hard/libc_nano.a(libc_a-init.o)
 .ARM.attributes
                0x0000008a       0x34 CMakeFiles/dominos.dir/src/main.c.obj
 .ARM.attributes
                0x000000be       0x34 CMakeFiles/dominos.dir/src/stm32f4xx_it.c.obj
 .ARM.attributes
                0x000000f2       0x34 CMakeFiles/dominos.dir/sys/delay.c.obj
 .ARM.attributes
                0x00000126       0x34 CMakeFiles/dominos.dir/sys/system_stm32f4xx.c.obj
 .ARM.attributes
                0x0000015a       0x21 CMakeFiles/dominos.dir/startup_stm32f411xe.s.obj
 .ARM.attributes
                0x0000017b       0x22 /usr/lib/gcc/arm-none-eabi/14.2.0/thumb/v7e-m+fp/hard/crtn.o

.comment        0x00000000       0x3c
 .comment       0x00000000       0x3c /usr/lib/gcc/arm-none-eabi/14.2.0/../../../../arm-none-eabi/lib/thumb/v7e-m+fp/hard/libc_nano.a(libc_a-init.o)
                                 0x1f (size before relaxing)
 .comment       0x0000003c       0x1f CMakeFiles/dominos.dir/src/main.c.obj
 .comment       0x0000003c       0x1f CMakeFiles/dominos.dir/src/stm32f4xx_it.c.obj
 .comment       0x0000003c       0x1f CMakeFiles/dominos.dir/sys/delay.c.obj
 .comment       0x0000003c       0x1f CMakeFiles/dominos.dir/sys/system_stm32f4xx.c.obj

.debug_info     0x00000000      0xeda
 .debug_info    0x00000000      0x10b /usr/lib/gcc/arm-none-eabi/14.2.0/../../../../arm-none-eabi/lib/thumb/v7e-m+fp/hard/libc_nano.a(libc_a-init.o)
 .debug_info    0x0000010b       0x87 CMakeFiles/dominos.dir/src/main.c.obj
 .debug_info    0x00000192      0x125 CMakeFiles/dominos.dir/src/stm32f4xx_it.c.obj
 .debug_info    0x000002b7      0x61d CMakeFiles/dominos.dir/sys/delay.c.obj
 .debug_info    0x000008d4      0x5d6 CMakeFiles/dominos.dir/sys/system_stm32f4xx.c.obj
 .debug_info    0x00000eaa       0x30 CMakeFiles/dominos.dir/startup_stm32f411xe.s.obj

.debug_abbrev   0x00000000      0x483
 .debug_abbrev  0x00000000       0xc9 /usr/lib/gcc/arm-none-eabi/14.2.0/../../../../arm-none-eabi/lib/thumb/v7e-m+fp/hard/libc_nano.a(libc_a-init.o)
 .debug_abbrev  0x000000c9       0x47 CMakeFiles/dominos.dir/src/main.c.obj
 .debug_abbrev  0x00000110       0x69 CMakeFiles/dominos.dir/src/stm32f4xx_it.c.obj
 .debug_abbrev  0x00000179      0x1a4 CMakeFiles/dominos.dir/sys/delay.c.obj
 .debug_abbrev  0x0000031d      0x142 CMakeFiles/dominos.dir/sys/system_stm32f4xx.c.obj
 .debug_abbrev  0x0000045f       0x24 CMakeFiles/dominos.dir/startup_stm32f411xe.s.obj

.debug_loclists
                0x00000000       0x54
 .debug_loclists
                0x00000000       0x54 /usr/lib/gcc/arm-none-eabi/14.2.0/../../../../arm-none-eabi/lib/thumb/v7e-m+fp/hard/libc_nano.a(libc_a-init.o)

.debug_aranges  0x00000000      0x130
 .debug_aranges
                0x00000000       0x20 /usr/lib/gcc/arm-none-eabi/14.2.0/../../../../arm-none-eabi/lib/thumb/v7e-m+fp/hard/libc_nano.a(libc_a-init.o)
 .debug_aranges
                0x00000020       0x20 CMakeFiles/dominos.dir/src/main.c.obj
 .debug_aranges
                0x00000040       0x60 CMakeFiles/dominos.dir/src/stm32f4xx_it.c.obj
 .debug_aranges
                0x000000a0       0x38 CMakeFiles/dominos.dir/sys/delay.c.obj
 .debug_aranges
                0x000000d8       0x30 CMakeFiles/dominos.dir/sys/system_stm32f4xx.c.obj
 .debug_aranges
                0x00000108       0x28 CMakeFiles/dominos.dir/startup_stm32f411xe.s.obj

.debug_rnglists
                0x00000000       0xc8
 .debug_rnglists
                0x00000000       0x13 /usr/lib/gcc/arm-none-eabi/14.2.0/../../../../arm-none-eabi/lib/thumb/v7e-m+fp/hard/libc_nano.a(libc_a-init.o)
 .debug_rnglists
                0x00000013       0x13 CMakeFiles/dominos.dir/src/main.c.obj
 .debug_rnglists
                0x00000026       0x43 CMakeFiles/dominos.dir/src/stm32f4xx_it.c.obj
 .debug_rnglists
                0x00000069       0x25 CMakeFiles/dominos.dir/sys/delay.c.obj
 .debug_rnglists
                0x0000008e       0x21 CMakeFiles/dominos.dir/sys/system_stm32f4xx.c.obj
 .debug_rnglists
                0x000000af       0x19 CMakeFiles/dominos.dir/startup_stm32f411xe.s.obj

.debug_line     0x00000000     0x1365
 .debug_line    0x00000000      0x115 /usr/lib/gcc/arm-none-eabi/14.2.0/../../../../arm-none-eabi/lib/thumb/v7e-m+fp/hard/libc_nano.a(libc_a-init.o)
 .debug_line    0x00000115      0x3d0 CMakeFiles/dominos.dir/src/main.c.obj
 .debug_line    0x000004e5      0x496 CMakeFiles/dominos.dir/src/stm32f4xx_it.c.obj
 .debug_line    0x0000097b      0x47b CMakeFiles/dominos.dir/sys/delay.c.obj
 .debug_line    0x00000df6      0x4f5 CMakeFiles/dominos.dir/sys/system_stm32f4xx.c.obj
 .debug_line    0x000012eb       0x7a CMakeFiles/dominos.dir/startup_stm32f411xe.s.obj

.debug_str      0x00000000    0x556b4
 .debug_str     0x00000000    0x556b4 /usr/lib/gcc/arm-none-eabi/14.2.0/../../../../arm-none-eabi/lib/thumb/v7e-m+fp/hard/libc_nano.a(libc_a-init.o)
                                0x220 (size before relaxing)
 .debug_str     0x000556b4    0x54e9e CMakeFiles/dominos.dir/src/main.c.obj
 .debug_str     0x000556b4    0x54f6e CMakeFiles/dominos.dir/src/stm32f4xx_it.c.obj
 .debug_str     0x000556b4    0x553a5 CMakeFiles/dominos.dir/sys/delay.c.obj
 .debug_str     0x000556b4    0x55112 CMakeFiles/dominos.dir/sys/system_stm32f4xx.c.obj
 .debug_str     0x000556b4       0x70 CMakeFiles/dominos.dir/startup_stm32f411xe.s.obj

.debug_frame    0x00000000      0x284
 .debug_frame   0x00000000       0x2c /usr/lib/gcc/arm-none-eabi/14.2.0/../../../../arm-none-eabi/lib/thumb/v7e-m+fp/hard/libc_nano.a(libc_a-init.o)
 .debug_frame   0x0000002c       0x30 CMakeFiles/dominos.dir/src/main.c.obj
 .debug_frame   0x0000005c      0x110 CMakeFiles/dominos.dir/src/stm32f4xx_it.c.obj
 .debug_frame   0x0000016c       0xa4 CMakeFiles/dominos.dir/sys/delay.c.obj
 .debug_frame   0x00000210       0x74 CMakeFiles/dominos.dir/sys/system_stm32f4xx.c.obj

.debug_macro    0x00000000     0xdb90
 .debug_macro   0x00000000      0x19f CMakeFiles/dominos.dir/src/main.c.obj
 .debug_macro   0x0000019f      0xad2 CMakeFiles/dominos.dir/src/main.c.obj
 .debug_macro   0x00000c71       0x65 CMakeFiles/dominos.dir/src/main.c.obj
 .debug_macro   0x00000cd6       0x22 CMakeFiles/dominos.dir/src/main.c.obj
 .debug_macro   0x00000cf8       0x8e CMakeFiles/dominos.dir/src/main.c.obj
 .debug_macro   0x00000d86       0x51 CMakeFiles/dominos.dir/src/main.c.obj
 .debug_macro   0x00000dd7      0x103 CMakeFiles/dominos.dir/src/main.c.obj
 .debug_macro   0x00000eda       0x6a CMakeFiles/dominos.dir/src/main.c.obj
 .debug_macro   0x00000f44      0x1df CMakeFiles/dominos.dir/src/main.c.obj
 .debug_macro   0x00001123       0x1c CMakeFiles/dominos.dir/src/main.c.obj
 .debug_macro   0x0000113f       0x22 CMakeFiles/dominos.dir/src/main.c.obj
 .debug_macro   0x00001161       0xfb CMakeFiles/dominos.dir/src/main.c.obj
 .debug_macro   0x0000125c     0x1011 CMakeFiles/dominos.dir/src/main.c.obj
 .debug_macro   0x0000226d      0x11f CMakeFiles/dominos.dir/src/main.c.obj
 .debug_macro   0x0000238c     0x7fd2 CMakeFiles/dominos.dir/src/main.c.obj
 .debug_macro   0x0000a35e      0x44e CMakeFiles/dominos.dir/src/main.c.obj
 .debug_macro   0x0000a7ac       0xb2 CMakeFiles/dominos.dir/src/main.c.obj
 .debug_macro   0x0000a85e      0x477 CMakeFiles/dominos.dir/src/main.c.obj
 .debug_macro   0x0000acd5       0xb2 CMakeFiles/dominos.dir/src/main.c.obj
 .debug_macro   0x0000ad87      0x418 CMakeFiles/dominos.dir/src/main.c.obj
 .debug_macro   0x0000b19f      0x2ba CMakeFiles/dominos.dir/src/main.c.obj
 .debug_macro   0x0000b459       0x64 CMakeFiles/dominos.dir/src/main.c.obj
 .debug_macro   0x0000b4bd       0xeb CMakeFiles/dominos.dir/src/main.c.obj
 .debug_macro   0x0000b5a8      0x646 CMakeFiles/dominos.dir/src/main.c.obj
 .debug_macro   0x0000bbee      0x59c CMakeFiles/dominos.dir/src/main.c.obj
 .debug_macro   0x0000c18a      0x341 CMakeFiles/dominos.dir/src/main.c.obj
 .debug_macro   0x0000c4cb      0x36c CMakeFiles/dominos.dir/src/main.c.obj
 .debug_macro   0x0000c837      0x10d CMakeFiles/dominos.dir/src/main.c.obj
 .debug_macro   0x0000c944      0x73b CMakeFiles/dominos.dir/src/main.c.obj
 .debug_macro   0x0000d07f      0x220 CMakeFiles/dominos.dir/src/main.c.obj
 .debug_macro   0x0000d29f       0x34 CMakeFiles/dominos.dir/src/main.c.obj
 .debug_macro   0x0000d2d3       0x7f CMakeFiles/dominos.dir/src/main.c.obj
 .debug_macro   0x0000d352       0x10 CMakeFiles/dominos.dir/src/main.c.obj
 .debug_macro   0x0000d362       0x35 CMakeFiles/dominos.dir/src/main.c.obj
 .debug_macro   0x0000d397      0x2ee CMakeFiles/dominos.dir/src/main.c.obj
 .debug_macro   0x0000d685      0x1a9 CMakeFiles/dominos.dir/src/stm32f4xx_it.c.obj
 .debug_macro   0x0000d82e      0x1a9 CMakeFiles/dominos.dir/sys/delay.c.obj
 .debug_macro   0x0000d9d7      0x1b9 CMakeFiles/dominos.dir/sys/system_stm32f4xx.c.obj

.debug_line_str
                0x00000000       0x56
 .debug_line_str
                0x00000000       0x56 CMakeFiles/dominos.dir/startup_stm32f411xe.s.obj
